[academy.degordian.com/index.html]
[backblue.gif]
[fade.gif]
[index.html]
[academy.degordian.com/favicon.gif]
[academy.degordian.com/degordian.png]
[academy.degordian.com/GET]
[academy.degordian.com/retinaimagese0f5.php]
[academy.degordian.com/retinaimages90f7.php]
[academy.degordian.com/static/css/main7e0f.css]
[academy.degordian.com/static/img/apple-touch-icon-152x152-precomposed.png]
[academy.degordian.com/static/img/apple-touch-icon-144x144-precomposed.png]
[academy.degordian.com/static/img/apple-touch-icon-120x120-precomposed.png]
[academy.degordian.com/static/img/apple-touch-icon-114x114-precomposed.png]
[academy.degordian.com/static/img/apple-touch-icon-76x76-precomposed.png]
[academy.degordian.com/static/img/apple-touch-icon-72x72-precomposed.png]
[academy.degordian.com/static/img/apple-touch-icon-precomposed.png]
[academy.degordian.com/index3f49.html]
[academy.degordian.com/static/img/degordian-team.png]
[academy.degordian.com/index905f.html]
[academy.degordian.com/index8f0f.html]
[academy.degordian.com/indexc2b1.html]
[academy.degordian.com/index16ab.html]
[academy.degordian.com/index.html]
[academy.degordian.com/GET.html]
[academy.degordian.com/retinaimagese0f5.html]
[academy.degordian.com/retinaimages90f7.html]
[academy.degordian.com/static/js/main7e0f.js]
[academy.degordian.com/static/fonts/glyphicons-halflings-regular.15.delayed]
[academy.degordian.com/static/fonts/glyphicons-halflings-regulard41d.eot]
[academy.degordian.com/static/fonts/glyphicons-halflings-regular.woff]
[academy.degordian.com/static/fonts/glyphicons-halflings-regular.ttf]
[academy.degordian.com/static/fonts/glyphicons-halflings-regular.svg]
[academy.degordian.com/static/img/logo-degordian_d@2x.png]
[academy.degordian.com/static/img/top_bg.jpg]
[academy.degordian.com/static/img/sprite.png]
[academy.degordian.com/static/img/cssda-wotd-purple-top-right-125.png]
[academy.degordian.com/static/js/vendor/plugins.js]
[academy.degordian.com/static/css/main7e0f.css]
[academy.degordian.com/index3f49.html]
[academy.degordian.com/index905f.html]
[academy.degordian.com/index8f0f.html]
[academy.degordian.com/indexc2b1.html]
[academy.degordian.com/index16ab.html]
[academy.degordian.com/static/fonts/glyphicons-halflings-regular.html]
[academy.degordian.com/static/fonts/glyphicons-halflings-regulard41d.html]
[academy.degordian.com/static/fonts/glyphicons-halflings-regular-2.html]
[academy.degordian.com/static/fonts/glyphicons-halflings-regular-3.html]
[academy.degordian.com/static/fonts/glyphicons-halflings-regular-4.html]
[academy.degordian.com/static/img/cssda-wotd-purple-top-right-250.png]
